---
source: src/parser/expression.rs
expression: "parse_expr(\"1 + 2\".into()).unwrap().1"
---
{
  "type": "BinaryExpression",
  "operator": "+",
  "left": {
    "type": "Literal",
    "value": 1.0,
    "start": 0,
    "end": 1
  },
  "right": {
    "type": "Literal",
    "value": 2.0,
    "start": 4,
    "end": 5
  },
  "start": 0,
  "end": 5
}
