---
source: src/parser/expression.rs
expression: "parse_expr(\"x.y[\\\"z\\\"]\".into()).unwrap().1"
---
{
  "type": "MemberExpression",
  "object": {
    "type": "MemberExpression",
    "object": {
      "type": "Identifier",
      "name": "x",
      "start": 0,
      "end": 1
    },
    "property": {
      "type": "Identifier",
      "name": "y",
      "start": 2,
      "end": 3
    },
    "computed": false,
    "start": 0,
    "end": 3
  },
  "property": {
    "type": "Literal",
    "value": "z",
    "start": 4,
    "end": 7
  },
  "computed": true,
  "start": 0,
  "end": 8
}
